[intranet.alverno.edu/Login.html]
[backblue.gif]
[fade.gif]
[index.html]
[intranet.alverno.edu/res/css/common.css]
[intranet.alverno.edu/res/css/mw.cells.css]
[intranet.alverno.edu/res/css/mw.formse39a.css]
[intranet.alverno.edu/res/css/mw.windowse39a.css]
[intranet.alverno.edu/cms2t/res/vit-lib/status.css]
[intranet.alverno.edu/cms2t/res/vit-lib/code_coloring.css]
[intranet.alverno.edu/cms2t/res/vit-lib/syntax.css]
[intranet.alverno.edu/cms2t/res/js/json2.js]
[intranet.alverno.edu/cms2t/res/js/jQuery/jquery.js]
[intranet.alverno.edu/cms2t/res/js/jQuery/ui/jquery.ui.core.js]
[intranet.alverno.edu/cms2t/res/js/jQuery/ui/jquery.ui.widget.js]
[intranet.alverno.edu/cms2t/res/js/jQuery/ui/jquery.ui.mouse.js]
[intranet.alverno.edu/cms2t/res/js/jQuery/ui/jquery.ui.position.js]
[intranet.alverno.edu/cms2t/res/js/jQuery/ui/jquery.ui.draggable.js]
[intranet.alverno.edu/cms2t/res/js/jQuery/jquery.AjaxUpload.js]
[intranet.alverno.edu/cms2t/res/js/jQuery/hoverIntent.js]
[intranet.alverno.edu/cms2t/res/js/jQuery/superfish.js]
[intranet.alverno.edu/cms2t/res/vit-lib/common.js]
[intranet.alverno.edu/cms2t/res/vit-lib/ajax.js]
[intranet.alverno.edu/cms2t/res/vit-lib/debug.js]
[intranet.alverno.edu/cms2t/res/vit-lib/console.js]
[intranet.alverno.edu/cms2t/res/js/mw.urls.js]
[intranet.alverno.edu/cms2t/res/js/mw.debug.js]
[intranet.alverno.edu/cms2t/res/js/mw.common.js]
[intranet.alverno.edu/cms2t/res/js/mw.system.js]
[intranet.alverno.edu/cms2t/res/js/mw.windows.js]
[intranet.alverno.edu/cms2t/res/js/mw.forms.js]
[intranet.alverno.edu/cms2t/res/js/mw.front.js]
[intranet.alverno.edu/res/pages/js/mw.responsive.js]
[intranet.alverno.edu/res/system/js/block.auth.js]
[intranet.alverno.edu/images/favicon.png]
[intranet.alverno.edu/css/reset.css]
[intranet.alverno.edu/css/all.css]
[maxcdn.bootstrapcdn.com/font-awesome/4.7.0/css/font-awesome.min.css]
[intranet.alverno.edu/css/owlcarousel.css]
[intranet.alverno.edu/css/magnific-popup.css]
[intranet.alverno.edu/css/fonts.css]
[intranet.alverno.edu/Fonts/4fb9056b-4ac3-488b-9bac-75741b0ff0bd.woff2]
[intranet.alverno.edu/Fonts/c4352a95-7a41-48c1-83ce-d8ffd2a3b118.woff]
[intranet.alverno.edu/Fonts/fa773ad4-7e95-43a6-ace9-c486aad9b8fe.woff2]
[intranet.alverno.edu/Fonts/47fd1045-6e5b-4c87-9235-cfbc2b42cde7.woff]
[intranet.alverno.edu/Fonts/9bcb625d-81de-48c2-ba0c-664558d197e3.woff2]
[intranet.alverno.edu/Fonts/939cba03-5b40-4d01-9bc5-7589eca863db.woff]
[intranet.alverno.edu/Fonts/70ed6fd5-9adf-4d08-8b30-514af1de7ca2.woff2]
[intranet.alverno.edu/Fonts/ca94ed56-18fc-4856-940a-70a072607c7c.woff]
[intranet.alverno.edu/Fonts/75c84254-5125-412c-bc24-56769ae3b627.woff2]
[intranet.alverno.edu/Fonts/b9ebb19d-88c1-4cbd-9baf-cf51972422ec.woff]
[intranet.alverno.edu/Fonts/09df9e09-83d7-46b3-b5cc-e1dc773dfdcf.woff2]
[intranet.alverno.edu/Fonts/3695342c-b5e2-4010-b0d4-56f563465922.woff]
[intranet.alverno.edu/Fonts/e4d36745-a861-4a49-aa17-6510e67429d3.woff2]
[intranet.alverno.edu/Fonts/2cac77ec-9bc0-4ee7-87e4-27650190744f.woff]
[intranet.alverno.edu/Fonts/695a9fa5-9f57-4800-9993-3684d520f107.woff2]
[intranet.alverno.edu/Fonts/e0af2f49-a399-482b-a54e-d745e268ec80.woff]
[intranet.alverno.edu/Fonts/65cde95a-ac33-4c65-8198-e37857968d1a.woff2]
[intranet.alverno.edu/Fonts/7147ec3a-8ff8-4ec9-8c5c-bd1571dc6ae6.woff]
[intranet.alverno.edu/Fonts/67a2c8ef-54d4-4ab7-b60c-20fb619e97ab.woff2]
[intranet.alverno.edu/Fonts/53554f6f-4b01-4815-87fe-82c49b8ba5a9.woff]
[intranet.alverno.edu/Fonts/16695c2d-c755-45a2-bdcf-c54843f39afd.woff2]
[intranet.alverno.edu/Fonts/5a05cf7f-f332-456f-ae67-d8c26e0d35b3.woff]
[intranet.alverno.edu/Fonts/7c7d3040-c381-4ac9-bff7-90b1fdea4739.woff2]
[intranet.alverno.edu/Fonts/36ec15b9-f8da-447f-8fed-a9cfdfb91fbb.woff]
[intranet.alverno.edu/images/logo.png]
[intranet.alverno.edu/images/logo_footer.png]
[intranet.alverno.edu/js/jquery.magnific-popup.js]
[intranet.alverno.edu/js/owl.carousel.js]
[cdnjs.cloudflare.com/ajax/libs/waypoints/4.0.1/jquery.waypoints.min.js]
[intranet.alverno.edu/js/jquery.countup.js]
[intranet.alverno.edu/js/scripts.js]
[intranet.alverno.edu/Login.html]
[intranet.alverno.edu/cms2t/res/Sansation_Light.ttf]
[intranet.alverno.edu/cms2t/res/Sansation_Regular.ttf]
[intranet.alverno.edu/cms2t/res/Sansation_Bold.ttf]
[intranet.alverno.edu/cms2t/res/images/loaders/bar.sc.gif]
[intranet.alverno.edu/res/css/common.css]
[intranet.alverno.edu/res/css/mw.cells.css]
[intranet.alverno.edu/cms2t/res/images/forms/plus4.png]
[intranet.alverno.edu/cms2t/res/images/forms/Checked.png]
[intranet.alverno.edu/cms2t/res/images/forms/UpDownSelector.png]
[intranet.alverno.edu/cms2t/res/images/forms/hDivider.png]
[intranet.alverno.edu/cms2t/res/images/forms/ButtonPlus.16x.png]
[intranet.alverno.edu/cms2t/res/images/forms/ButtonMinus.16x.png]
[intranet.alverno.edu/cms2t/res/images/forms/Declined.png]
[intranet.alverno.edu/cms2t/res/images/forms/upload.png]
[intranet.alverno.edu/res/images/loading11.gif]
[intranet.alverno.edu/res/css/mw.formse39a.css]
[intranet.alverno.edu/cms2t/res/images/windows/div_line_top.png]
[intranet.alverno.edu/cms2t/res/images/tile_head_hover.png]
[intranet.alverno.edu/cms2t/res/images/windows/winTools.png]
[intranet.alverno.edu/cms2t/res/images/windows/div_line_bottom.png]
[intranet.alverno.edu/cms2t/res/images/status/Info.png]
[intranet.alverno.edu/cms2t/res/images/status/Success.png]
[intranet.alverno.edu/cms2t/res/images/status/Error.png]
[intranet.alverno.edu/cms2t/res/images/status/Warning.png]
[intranet.alverno.edu/cms2t/res/images/loading11.gif]
[intranet.alverno.edu/cms2t/res/images/windows/btnMid.png]
[intranet.alverno.edu/cms2t/res/images/windows/btnMax.png]
[intranet.alverno.edu/cms2t/res/images/windows/btnMin.png]
[intranet.alverno.edu/cms2t/res/images/windows/div_line_vert.png]
[intranet.alverno.edu/cms2t/res/images/forms/loading.48x.gif]
[intranet.alverno.edu/cms2t/res/images/forms/vDivider.png]
[intranet.alverno.edu/cms2t/res/images/status/Question.48x.png]
[intranet.alverno.edu/cms2t/res/images/status/Warning.48x.png]
[intranet.alverno.edu/res/css/mw.windowse39a.css]
[intranet.alverno.edu/cms2t/res/vit-lib/status.css]
[intranet.alverno.edu/cms2t/res/vit-lib/code_coloring.css]
[intranet.alverno.edu/cms2t/res/vit-lib/syntax.css]
[intranet.alverno.edu/res/pages/js/mw.responsive.js]
[intranet.alverno.edu/res/system/js/block.auth.js]
[intranet.alverno.edu/css/reset.css]
[intranet.alverno.edu/images/search_icon.png]
[intranet.alverno.edu/images/Checked.png]
[intranet.alverno.edu/images/upload.png]
[intranet.alverno.edu/css/all.css]
[maxcdn.bootstrapcdn.com/font-awesome/4.7.0/css/font-awesome.min.css]
[intranet.alverno.edu/css/AjaxLoader.gif]
[intranet.alverno.edu/css/owlcarousel.css]
[intranet.alverno.edu/css/magnific-popup.css]
[intranet.alverno.edu/font/AvenirLTStd-Roman.woff]
[intranet.alverno.edu/font/AvenirLTStd-Oblique.woff]
[intranet.alverno.edu/font/AvenirLTStd-Light.woff]
[intranet.alverno.edu/font/AvenirLTStd-LightOblique.woff]
[intranet.alverno.edu/font/AvenirLTStd-Book.woff]
[intranet.alverno.edu/font/AvenirLTStd-BookOblique.woff]
[intranet.alverno.edu/font/AvenirLTStd-Medium.woff]
[intranet.alverno.edu/font/AvenirLTStd-MediumOblique.woff]
[intranet.alverno.edu/font/AvenirLTStd-Heavy.woff]
[intranet.alverno.edu/font/AvenirLTStd-HeavyOblique.woff]
[intranet.alverno.edu/font/AvenirLTStd-Black.woff]
[intranet.alverno.edu/css/fonts.css]
[intranet.alverno.edu/font/AvenirLTStd-BlackOblique.woff]
[fast.fonts.net/t/1ea23.css]
[intranet.alverno.edu/index.html]
[intranet.alverno.edu/images/downarrow.html]
[intranet.alverno.edu/images/slider_innovative_shield.html]
[intranet.alverno.edu/images/arrow_left_lg.html]
[intranet.alverno.edu/images/arrow_right_lg.html]
[intranet.alverno.edu/images/grabbing.html]
